27/11/2025 08:54:47 - Conexión exitosa a MySQL: db en localhost
27/11/2025 09:14:39 - Conexión exitosa a MySQL: db en localhost
27/11/2025 10:42:07 - Conexión exitosa a MySQL: db en localhost
27/11/2025 10:57:28 - Conexión exitosa a MySQL: db en localhost
27/11/2025 11:18:36 - Conexión exitosa a MySQL: db en localhost
27/11/2025 16:41:10 - Conexión exitosa a MySQL: db en localhost
27/11/2025 18:09:36 - Cerrando aplicación: ARIFAN ELECTRODOMESTICOS vV1.0
27/11/2025 18:09:36 - Usuario: JUAN PEREZ
27/11/2025 18:09:36 - Desconexión de base de datos: Exitosa
27/11/2025 18:09:36 - Aplicación cerrada exitosamente
27/11/2025 18:10:14 - Conexión exitosa a MySQL: db en localhost
27/11/2025 18:10:58 - Cerrando aplicación: ARIFAN ELECTRODOMESTICOS vV1.0
27/11/2025 18:10:58 - Usuario: JUAN PEREZ
27/11/2025 18:10:58 - Desconexión de base de datos: Exitosa
27/11/2025 18:10:58 - Aplicación cerrada exitosamente
27/11/2025 18:12:07 - Conexión exitosa a MySQL: db en localhost
27/11/2025 19:02:27 - Cerrando aplicación: ARIFAN ELECTRODOMESTICOS vV1.0
27/11/2025 19:02:27 - Usuario: JUAN PEREZ
27/11/2025 19:02:27 - Desconexión de base de datos: Exitosa
27/11/2025 19:02:27 - Aplicación cerrada exitosamente
27/11/2025 20:10:10 - Conexión exitosa a MySQL: db en localhost
27/11/2025 20:11:23 - Conexión exitosa a MySQL: db en localhost
27/11/2025 20:26:18 - Cerrando aplicación: ARIFAN ELECTRODOMESTICOS vV1.0
27/11/2025 20:26:18 - Usuario: JUAN PEREZ
27/11/2025 20:26:18 - Desconexión de base de datos: Exitosa
27/11/2025 20:26:18 - Aplicación cerrada exitosamente
27/11/2025 20:26:27 - Conexión exitosa a MySQL: db en localhost
27/11/2025 23:16:13 - Cerrando aplicación: ARIFAN ELECTRODOMESTICOS vV1.0
27/11/2025 23:16:13 - Usuario: JUAN PEREZ
27/11/2025 23:16:14 - Desconexión de base de datos: Exitosa
27/11/2025 23:16:14 - Aplicación cerrada exitosamente
27/11/2025 23:19:31 - Conexión exitosa a MySQL: db en localhost
27/11/2025 23:20:56 - Cerrando aplicación: ARIFAN ELECTRODOMESTICOS vV1.0
27/11/2025 23:20:56 - Usuario: JUAN PEREZ
27/11/2025 23:20:56 - Desconexión de base de datos: Exitosa
27/11/2025 23:20:56 - Aplicación cerrada exitosamente
27/11/2025 23:21:02 - Conexión exitosa a MySQL: db en localhost
27/11/2025 23:22:32 - Cerrando aplicación: ARIFAN ELECTRODOMESTICOS vV1.0
27/11/2025 23:22:32 - Usuario: JUAN PEREZ
27/11/2025 23:22:32 - Desconexión de base de datos: Exitosa
27/11/2025 23:22:32 - Aplicación cerrada exitosamente
