28/11/2025 06:58:33 - Conexión exitosa a MySQL: db en localhost
28/11/2025 07:05:30 - Cerrando aplicación: ARIFAN ELECTRODOMESTICOS vV1.0
28/11/2025 07:05:30 - Usuario: JUAN PEREZ
28/11/2025 07:05:30 - Desconexión de base de datos: Exitosa
28/11/2025 07:05:30 - Aplicación cerrada exitosamente
28/11/2025 07:07:47 - Conexión exitosa a MySQL: db en localhost
28/11/2025 07:52:46 - Cerrando aplicación: ARIFAN ELECTRODOMESTICOS vV1.0
28/11/2025 07:52:46 - Usuario: JUAN PEREZ
28/11/2025 07:52:46 - Desconexión de base de datos: Exitosa
28/11/2025 07:52:46 - Aplicación cerrada exitosamente
28/11/2025 07:52:52 - Conexión exitosa a MySQL: db en localhost
28/11/2025 09:01:46 - Cerrando aplicación: ARIFAN ELECTRODOMESTICOS vV1.0
28/11/2025 09:01:46 - Usuario: JUAN PEREZ
28/11/2025 09:01:46 - Desconexión de base de datos: Exitosa
28/11/2025 09:01:46 - Aplicación cerrada exitosamente
28/11/2025 09:11:43 - Conexión exitosa a MySQL: db en localhost
28/11/2025 09:13:05 - Conexión exitosa a MySQL: db en localhost
28/11/2025 09:13:25 - Cerrando aplicación: ARIFAN ELECTRODOMESTICOS vV1.0
28/11/2025 09:13:25 - Usuario: JUAN PEREZ
28/11/2025 09:13:25 - Desconexión de base de datos: Exitosa
28/11/2025 09:13:25 - Aplicación cerrada exitosamente
28/11/2025 09:18:28 - Conexión exitosa a MySQL: db en localhost
28/11/2025 10:00:17 - Cerrando aplicación: ARIFAN ELECTRODOMESTICOS vV1.0
28/11/2025 10:00:18 - Usuario: JUAN PEREZ
28/11/2025 10:00:18 - Desconexión de base de datos: Exitosa
28/11/2025 10:00:18 - Aplicación cerrada exitosamente
28/11/2025 14:37:19 - Conexión exitosa a MySQL: db en localhost
28/11/2025 14:50:07 - Conexión exitosa a MySQL: db en localhost
