08/12/2025 10:16:27 - Conexión exitosa a MySQL: db en localhost
08/12/2025 11:06:12 - Conexión exitosa a MySQL: db en localhost
08/12/2025 11:48:29 - Conexión exitosa a MySQL: db en localhost
08/12/2025 16:17:35 - Conexión exitosa a MySQL: db en localhost
08/12/2025 20:39:53 - Cerrando aplicación: ARIFAN ELECTRODOMESTICOS vV1.0
08/12/2025 20:39:53 - Usuario: JUAN PEREZ
08/12/2025 20:39:53 - Desconexión de base de datos: Exitosa
08/12/2025 20:39:53 - Aplicación cerrada exitosamente
08/12/2025 20:41:42 - Conexión exitosa a MySQL: db en localhost
08/12/2025 22:47:23 - Cerrando aplicación: ARIFAN ELECTRODOMESTICOS vV1.0
08/12/2025 22:47:23 - Usuario: JUAN PEREZ
08/12/2025 22:47:23 - Desconexión de base de datos: Exitosa
08/12/2025 22:47:23 - Aplicación cerrada exitosamente
08/12/2025 22:47:44 - Conexión exitosa a MySQL: db en localhost
08/12/2025 22:48:14 - Cerrando aplicación: ARIFAN ELECTRODOMESTICOS vV1.0
08/12/2025 22:48:14 - Usuario: JUAN PEREZ
08/12/2025 22:48:14 - Desconexión de base de datos: Exitosa
08/12/2025 22:48:14 - Aplicación cerrada exitosamente
08/12/2025 22:49:12 - Conexión exitosa a MySQL: db en localhost
08/12/2025 22:49:37 - Cerrando aplicación: ARIFAN ELECTRODOMESTICOS vV1.0
08/12/2025 22:49:37 - Usuario: JUAN PEREZ
08/12/2025 22:49:37 - Desconexión de base de datos: Exitosa
08/12/2025 22:49:37 - Aplicación cerrada exitosamente
08/12/2025 22:50:21 - Conexión exitosa a MySQL: db en localhost
08/12/2025 22:52:45 - Cerrando aplicación: ARIFAN ELECTRODOMESTICOS vV1.0
08/12/2025 22:52:45 - Usuario: JUAN PEREZ
08/12/2025 22:52:45 - Desconexión de base de datos: Exitosa
08/12/2025 22:52:45 - Aplicación cerrada exitosamente
08/12/2025 22:54:34 - Conexión exitosa a MySQL: db en localhost
