14/11/2025 09:10:20 - Conexión exitosa a MySQL: db en localhost
14/11/2025 10:12:43 - Desconexión de base de datos: Exitosa
14/11/2025 10:14:09 - Conexión exitosa a MySQL: db en localhost
14/11/2025 11:53:14 - Desconexión de base de datos: Exitosa
14/11/2025 12:03:49 - Conexión exitosa a MySQL: db en localhost
14/11/2025 12:12:07 - Conexión exitosa a MySQL: db en localhost
14/11/2025 13:25:02 - Desconexión de base de datos: Exitosa
14/11/2025 13:30:56 - Conexión exitosa a MySQL: db en localhost
14/11/2025 13:34:08 - Cerrando aplicación: ARIFAN ELECTRODOMESTICOS vV1.0
14/11/2025 13:34:08 - Usuario: JUAN PEREZ
14/11/2025 13:34:08 - Desconexión de base de datos: Exitosa
14/11/2025 13:34:08 - Aplicación cerrada exitosamente
14/11/2025 13:36:59 - Conexión exitosa a MySQL: db en localhost
14/11/2025 13:37:36 - Cerrando aplicación: ARIFAN ELECTRODOMESTICOS vV1.0
14/11/2025 13:37:38 - Usuario: JUAN PEREZ
14/11/2025 13:37:38 - Desconexión de base de datos: Exitosa
14/11/2025 13:37:38 - Aplicación cerrada exitosamente
14/11/2025 13:39:55 - Conexión exitosa a MySQL: db en localhost
14/11/2025 13:40:22 - Cerrando aplicación: ARIFAN ELECTRODOMESTICOS vV1.0
14/11/2025 13:40:22 - Usuario: JUAN PEREZ
14/11/2025 13:40:22 - Desconexión de base de datos: Exitosa
14/11/2025 13:40:22 - Aplicación cerrada exitosamente
14/11/2025 13:49:23 - Conexión exitosa a MySQL: db en localhost
14/11/2025 13:49:38 - Cerrando aplicación: ARIFAN ELECTRODOMESTICOS vV1.0
14/11/2025 13:49:38 - Usuario: JUAN PEREZ
14/11/2025 13:49:38 - Desconexión de base de datos: Exitosa
14/11/2025 13:49:38 - Aplicación cerrada exitosamente
14/11/2025 13:50:46 - Conexión exitosa a MySQL: db en localhost
14/11/2025 13:50:54 - Cerrando aplicación: ARIFAN ELECTRODOMESTICOS vV1.0
14/11/2025 13:50:54 - Usuario: JUAN PEREZ
14/11/2025 13:50:54 - Desconexión de base de datos: Exitosa
14/11/2025 13:50:54 - Aplicación cerrada exitosamente
14/11/2025 13:53:48 - Conexión exitosa a MySQL: db en localhost
14/11/2025 13:53:53 - Desconexión de base de datos: Exitosa
14/11/2025 13:53:59 - Conexión exitosa a MySQL: db en localhost
14/11/2025 13:54:15 - Cerrando aplicación: ARIFAN ELECTRODOMESTICOS vV1.0
14/11/2025 13:54:15 - Usuario: JUAN PEREZ
14/11/2025 13:54:15 - Desconexión de base de datos: Exitosa
14/11/2025 13:54:15 - Aplicación cerrada exitosamente
14/11/2025 14:03:07 - Conexión exitosa a MySQL: db en localhost
14/11/2025 14:03:18 - Cerrando aplicación: ARIFAN ELECTRODOMESTICOS vV1.0
14/11/2025 14:03:18 - Usuario: JUAN PEREZ
14/11/2025 14:03:18 - Desconexión de base de datos: Exitosa
14/11/2025 14:03:18 - Aplicación cerrada exitosamente
14/11/2025 14:04:02 - Conexión exitosa a MySQL: db en localhost
14/11/2025 14:04:25 - Cerrando aplicación: ARIFAN ELECTRODOMESTICOS vV1.0
14/11/2025 14:04:25 - Usuario: JUAN PEREZ
14/11/2025 14:04:25 - Desconexión de base de datos: Exitosa
14/11/2025 14:04:25 - Aplicación cerrada exitosamente
14/11/2025 14:09:03 - Conexión exitosa a MySQL: db en localhost
14/11/2025 14:09:34 - Cerrando aplicación: ARIFAN ELECTRODOMESTICOS vV1.0
14/11/2025 14:09:37 - Usuario: JUAN PEREZ
14/11/2025 14:09:42 - Desconexión de base de datos: Exitosa
14/11/2025 14:10:41 - Aplicación cerrada exitosamente
14/11/2025 14:15:28 - Conexión exitosa a MySQL: db en localhost
14/11/2025 14:15:59 - Cerrando aplicación: ARIFAN ELECTRODOMESTICOS vV1.0
14/11/2025 14:16:00 - Usuario: JUAN PEREZ
14/11/2025 14:16:01 - Desconexión de base de datos: Exitosa
14/11/2025 14:16:04 - Aplicación cerrada exitosamente
14/11/2025 14:27:24 - Conexión exitosa a MySQL: db en localhost
14/11/2025 14:29:21 - Cerrando aplicación: ARIFAN ELECTRODOMESTICOS vV1.0
14/11/2025 14:29:21 - Usuario: JUAN PEREZ
14/11/2025 14:29:21 - Desconexión de base de datos: Exitosa
14/11/2025 14:29:21 - Aplicación cerrada exitosamente
14/11/2025 14:43:51 - Conexión exitosa a MySQL: db en localhost
14/11/2025 15:20:54 - Conexión exitosa a MySQL: db en localhost
14/11/2025 20:37:50 - Conexión exitosa a MySQL: db en localhost
14/11/2025 22:36:09 - Conexión exitosa a MySQL: db en localhost
